// Bun Snapshot v1, https://bun.sh/docs/test/snapshots

exports[`new-lobby.tsx matches new lobby 1`] = `
"<html lang="en-US"
  ><head
    ><title>tic-tac-toe-site - New Lobby</title
    ><script src="/public/client/new-lobby.js" type="module"></script
    ><meta charset="UTF-8" /><meta
      name="viewport"
      content="width=device-width, initial-scale=1.0" /><link
      rel="stylesheet"
      href="/public/global.css" /><link
      rel="stylesheet"
      href="/public/new-lobby.css" /></head
  ><body
    ><header
      ><nav id="top-nav"
        ><h1><a href="/">tic-tac-toe-site</a></h1
        ><div class="flex-fill"></div
        ><section id="user-config"
          ><span>DebugUser </span
          ><button
            type="button"
            hx-delete="/api/session"
            hx-swap="none"
            hx-on--after-request="location.href='/login'"
            >Log out</button
          ></section
        ></nav
      ></header
    ><main
      ><form name="game-setup" hx-post="/api/lobby" hx-swap="none"
        ><input type="hidden" name="_csrf" value="something" /><fieldset
          style="display: inline-block"
          ><span>Player X Type:</span><br /><input
            id="select-x--1"
            type="radio"
            name="typeX"
            value="-1"
          /><label for="select-x--1">Human</label><br /><input
            id="select-x-1"
            type="radio"
            name="typeX"
            value="1"
          /><label for="select-x-1">Easy Computer</label><br /><input
            id="select-x-2"
            type="radio"
            name="typeX"
            value="2"
          /><label for="select-x-2">Medium Computer</label><br /><input
            id="select-x-3"
            type="radio"
            name="typeX"
            value="3"
          /><label for="select-x-3">Hard Computer</label></fieldset
        ><fieldset style="display: inline-block"
          ><span>Player O Type:</span><br /><input
            id="select-o--1"
            type="radio"
            name="typeO"
            value="-1"
          /><label for="select-o--1">Human</label><br /><input
            id="select-o-1"
            type="radio"
            name="typeO"
            value="1"
          /><label for="select-o-1">Easy Computer</label><br /><input
            id="select-o-2"
            type="radio"
            name="typeO"
            value="2"
          /><label for="select-o-2">Medium Computer</label><br /><input
            id="select-o-3"
            type="radio"
            name="typeO"
            value="3"
          /><label for="select-o-3">Hard Computer</label></fieldset
        ><button type="submit" style="display: block">Create</button></form
      ></main
    ></body
  ></html
>
"
`;
